// Jest Snapshot v1, https://goo.gl/fbAQLP

exports[`List all favorite are listed 1`] = `
Object {
  "asFragment": [Function],
  "baseElement": <body>
    <div>
      <div
        class="border mt-1 border-gray-500 px-3 py-3 cursor-pointer hover:bg-teal-500 hover:border-teal-500 hover:text-white"
      >
        <h1>
          Bandung
        </h1>
      </div>
      <div
        class="border mt-1 border-gray-500 px-3 py-3 cursor-pointer hover:bg-teal-500 hover:border-teal-500 hover:text-white"
      >
        <h1>
          Jakarta
        </h1>
      </div>
      <div
        class="border mt-1 border-gray-500 px-3 py-3 cursor-pointer hover:bg-teal-500 hover:border-teal-500 hover:text-white"
      >
        <h1>
          Semarang
        </h1>
      </div>
    </div>
  </body>,
  "container": <div>
    <div
      class="border mt-1 border-gray-500 px-3 py-3 cursor-pointer hover:bg-teal-500 hover:border-teal-500 hover:text-white"
    >
      <h1>
        Bandung
      </h1>
    </div>
    <div
      class="border mt-1 border-gray-500 px-3 py-3 cursor-pointer hover:bg-teal-500 hover:border-teal-500 hover:text-white"
    >
      <h1>
        Jakarta
      </h1>
    </div>
    <div
      class="border mt-1 border-gray-500 px-3 py-3 cursor-pointer hover:bg-teal-500 hover:border-teal-500 hover:text-white"
    >
      <h1>
        Semarang
      </h1>
    </div>
  </div>,
  "debug": [Function],
  "findAllByAltText": [Function],
  "findAllByDisplayValue": [Function],
  "findAllByLabelText": [Function],
  "findAllByPlaceholderText": [Function],
  "findAllByRole": [Function],
  "findAllByTestId": [Function],
  "findAllByText": [Function],
  "findAllByTitle": [Function],
  "findByAltText": [Function],
  "findByDisplayValue": [Function],
  "findByLabelText": [Function],
  "findByPlaceholderText": [Function],
  "findByRole": [Function],
  "findByTestId": [Function],
  "findByText": [Function],
  "findByTitle": [Function],
  "getAllByAltText": [Function],
  "getAllByDisplayValue": [Function],
  "getAllByLabelText": [Function],
  "getAllByPlaceholderText": [Function],
  "getAllByRole": [Function],
  "getAllByTestId": [Function],
  "getAllByText": [Function],
  "getAllByTitle": [Function],
  "getByAltText": [Function],
  "getByDisplayValue": [Function],
  "getByLabelText": [Function],
  "getByPlaceholderText": [Function],
  "getByRole": [Function],
  "getByTestId": [Function],
  "getByText": [Function],
  "getByTitle": [Function],
  "queryAllByAltText": [Function],
  "queryAllByDisplayValue": [Function],
  "queryAllByLabelText": [Function],
  "queryAllByPlaceholderText": [Function],
  "queryAllByRole": [Function],
  "queryAllByTestId": [Function],
  "queryAllByText": [Function],
  "queryAllByTitle": [Function],
  "queryByAltText": [Function],
  "queryByDisplayValue": [Function],
  "queryByLabelText": [Function],
  "queryByPlaceholderText": [Function],
  "queryByRole": [Function],
  "queryByTestId": [Function],
  "queryByText": [Function],
  "queryByTitle": [Function],
  "rerender": [Function],
  "unmount": [Function],
}
`;
